tests.cpp:25:7:virtual void TEST_GROUP_CppUTestGroupRingBuffer_Test_Group::setup()	16	static
tests.cpp:32:7:virtual void TEST_GROUP_CppUTestGroupRingBuffer_Test_Group::teardown()	16	static
tests.cpp:20:1:TEST_GROUP_CppUTestGroupRingBuffer_Test_Group::TEST_GROUP_CppUTestGroupRingBuffer_Test_Group()	16	static
tests.cpp:20:1:TEST_GROUP_CppUTestGroupRingBuffer_Test_Group::~TEST_GROUP_CppUTestGroupRingBuffer_Test_Group()	16	static
tests.cpp:20:1:virtual TEST_GROUP_CppUTestGroupRingBuffer_Test_Group::~TEST_GROUP_CppUTestGroupRingBuffer_Test_Group()	16	static
tests.cpp:40:1:TEST_RingBuffer_Test_Group_InitTest_Test::TEST_RingBuffer_Test_Group_InitTest_Test()	16	static
tests.cpp:40:1:virtual Utest* TEST_RingBuffer_Test_Group_InitTest_TestShell::createTest()	24	static
tests.cpp:40:1:TEST_RingBuffer_Test_Group_InitTest_TestShell::TEST_RingBuffer_Test_Group_InitTest_TestShell()	16	static
tests.cpp:40:1:virtual void TEST_RingBuffer_Test_Group_InitTest_Test::testBody()	48	static
tests.cpp:50:1:TEST_RingBuffer_Test_Group_PushDataTests_Test::TEST_RingBuffer_Test_Group_PushDataTests_Test()	16	static
tests.cpp:50:1:virtual Utest* TEST_RingBuffer_Test_Group_PushDataTests_TestShell::createTest()	24	static
tests.cpp:50:1:TEST_RingBuffer_Test_Group_PushDataTests_TestShell::TEST_RingBuffer_Test_Group_PushDataTests_TestShell()	16	static
tests.cpp:50:1:virtual void TEST_RingBuffer_Test_Group_PushDataTests_Test::testBody()	48	static
tests.cpp:60:1:TEST_RingBuffer_Test_Group_BufferOverflowTest_Test::TEST_RingBuffer_Test_Group_BufferOverflowTest_Test()	16	static
tests.cpp:60:1:virtual Utest* TEST_RingBuffer_Test_Group_BufferOverflowTest_TestShell::createTest()	24	static
tests.cpp:60:1:TEST_RingBuffer_Test_Group_BufferOverflowTest_TestShell::TEST_RingBuffer_Test_Group_BufferOverflowTest_TestShell()	16	static
tests.cpp:60:1:virtual void TEST_RingBuffer_Test_Group_BufferOverflowTest_Test::testBody()	56	static
tests.cpp:71:1:TEST_RingBuffer_Test_Group_PopDataTests_Test::TEST_RingBuffer_Test_Group_PopDataTests_Test()	16	static
tests.cpp:71:1:virtual Utest* TEST_RingBuffer_Test_Group_PopDataTests_TestShell::createTest()	24	static
tests.cpp:71:1:TEST_RingBuffer_Test_Group_PopDataTests_TestShell::TEST_RingBuffer_Test_Group_PopDataTests_TestShell()	16	static
tests.cpp:71:1:virtual void TEST_RingBuffer_Test_Group_PopDataTests_Test::testBody()	56	static
tests.cpp:80:1:TEST_RingBuffer_Test_Group_PopBufferOverFlowTest_Test::TEST_RingBuffer_Test_Group_PopBufferOverFlowTest_Test()	16	static
tests.cpp:80:1:virtual Utest* TEST_RingBuffer_Test_Group_PopBufferOverFlowTest_TestShell::createTest()	24	static
tests.cpp:80:1:TEST_RingBuffer_Test_Group_PopBufferOverFlowTest_TestShell::TEST_RingBuffer_Test_Group_PopBufferOverFlowTest_TestShell()	16	static
tests.cpp:80:1:virtual void TEST_RingBuffer_Test_Group_PopBufferOverFlowTest_Test::testBody()	56	static
tests.cpp:96:1:TEST_RingBuffer_Test_Group_BufferFlushTest_Test::TEST_RingBuffer_Test_Group_BufferFlushTest_Test()	16	static
tests.cpp:96:1:virtual Utest* TEST_RingBuffer_Test_Group_BufferFlushTest_TestShell::createTest()	24	static
tests.cpp:96:1:TEST_RingBuffer_Test_Group_BufferFlushTest_TestShell::TEST_RingBuffer_Test_Group_BufferFlushTest_TestShell()	16	static
tests.cpp:96:1:virtual void TEST_RingBuffer_Test_Group_BufferFlushTest_Test::testBody()	56	static
tests.cpp:117:1:TEST_RingBuffer_Test_Group_PushArrayTest_Test::TEST_RingBuffer_Test_Group_PushArrayTest_Test()	16	static
tests.cpp:117:1:virtual Utest* TEST_RingBuffer_Test_Group_PushArrayTest_TestShell::createTest()	24	static
tests.cpp:117:1:TEST_RingBuffer_Test_Group_PushArrayTest_TestShell::TEST_RingBuffer_Test_Group_PushArrayTest_TestShell()	16	static
tests.cpp:117:1:virtual void TEST_RingBuffer_Test_Group_PushArrayTest_Test::testBody()	48	static
tests.cpp:124:1:TEST_RingBuffer_Test_Group_LookForTest_Test::TEST_RingBuffer_Test_Group_LookForTest_Test()	16	static
tests.cpp:124:1:virtual Utest* TEST_RingBuffer_Test_Group_LookForTest_TestShell::createTest()	24	static
tests.cpp:124:1:TEST_RingBuffer_Test_Group_LookForTest_TestShell::TEST_RingBuffer_Test_Group_LookForTest_TestShell()	16	static
tests.cpp:124:1:virtual void TEST_RingBuffer_Test_Group_LookForTest_Test::testBody()	64	static
tests.cpp:132:1:TEST_RingBuffer_Test_Group_CapacityTest_Test::TEST_RingBuffer_Test_Group_CapacityTest_Test()	16	static
tests.cpp:132:1:virtual Utest* TEST_RingBuffer_Test_Group_CapacityTest_TestShell::createTest()	24	static
tests.cpp:132:1:TEST_RingBuffer_Test_Group_CapacityTest_TestShell::TEST_RingBuffer_Test_Group_CapacityTest_TestShell()	16	static
tests.cpp:132:1:virtual void TEST_RingBuffer_Test_Group_CapacityTest_Test::testBody()	48	static
tests.cpp:141:6:void UART_Transmit_Fake(uint8_t*)	48	static
tests.cpp:147:9:uint8_t UART_Receive_Fake()	32	static
tests.cpp:155:10:uint32_t getTick_Fake()	4	static
tests.cpp:172:7:virtual void TEST_GROUP_CppUTestGroupEspDriver_Test_Group::setup()	16	static
tests.cpp:181:7:virtual void TEST_GROUP_CppUTestGroupEspDriver_Test_Group::teardown()	32	static
tests.cpp:169:1:TEST_GROUP_CppUTestGroupEspDriver_Test_Group::TEST_GROUP_CppUTestGroupEspDriver_Test_Group()	16	static
tests.cpp:169:1:TEST_GROUP_CppUTestGroupEspDriver_Test_Group::~TEST_GROUP_CppUTestGroupEspDriver_Test_Group()	16	static
tests.cpp:169:1:virtual TEST_GROUP_CppUTestGroupEspDriver_Test_Group::~TEST_GROUP_CppUTestGroupEspDriver_Test_Group()	16	static
tests.cpp:191:1:TEST_EspDriver_Test_Group_Esp_Init_Test_Test::TEST_EspDriver_Test_Group_Esp_Init_Test_Test()	16	static
tests.cpp:191:1:virtual Utest* TEST_EspDriver_Test_Group_Esp_Init_Test_TestShell::createTest()	24	static
tests.cpp:191:1:TEST_EspDriver_Test_Group_Esp_Init_Test_TestShell::TEST_EspDriver_Test_Group_Esp_Init_Test_TestShell()	16	static
tests.cpp:191:1:virtual void TEST_EspDriver_Test_Group_Esp_Init_Test_Test::testBody()	48	static
tests.cpp:209:1:TEST_EspDriver_Test_Group_Send_AT_Command_Test_Test::TEST_EspDriver_Test_Group_Send_AT_Command_Test_Test()	16	static
tests.cpp:209:1:virtual Utest* TEST_EspDriver_Test_Group_Send_AT_Command_Test_TestShell::createTest()	24	static
tests.cpp:209:1:TEST_EspDriver_Test_Group_Send_AT_Command_Test_TestShell::TEST_EspDriver_Test_Group_Send_AT_Command_Test_TestShell()	16	static
tests.cpp:209:1:virtual void TEST_EspDriver_Test_Group_Send_AT_Command_Test_Test::testBody()	72	static
tests.cpp:221:1:TEST_EspDriver_Test_Group_UART_Receive_Handler_Test_Test::TEST_EspDriver_Test_Group_UART_Receive_Handler_Test_Test()	16	static
tests.cpp:221:1:virtual Utest* TEST_EspDriver_Test_Group_UART_Receive_Handler_Test_TestShell::createTest()	24	static
tests.cpp:221:1:TEST_EspDriver_Test_Group_UART_Receive_Handler_Test_TestShell::TEST_EspDriver_Test_Group_UART_Receive_Handler_Test_TestShell()	16	static
tests.cpp:221:1:virtual void TEST_EspDriver_Test_Group_UART_Receive_Handler_Test_Test::testBody()	80	static
tests.cpp:236:1:TEST_EspDriver_Test_Group_Read_Response_Test_Test::TEST_EspDriver_Test_Group_Read_Response_Test_Test()	16	static
tests.cpp:236:1:virtual Utest* TEST_EspDriver_Test_Group_Read_Response_Test_TestShell::createTest()	24	static
tests.cpp:236:1:TEST_EspDriver_Test_Group_Read_Response_Test_TestShell::TEST_EspDriver_Test_Group_Read_Response_Test_TestShell()	16	static
tests.cpp:236:1:virtual void TEST_EspDriver_Test_Group_Read_Response_Test_Test::testBody()	80	static
tests.cpp:253:1:TEST_EspDriver_Test_Group_Wait_Response_Timeout_Test_Test::TEST_EspDriver_Test_Group_Wait_Response_Timeout_Test_Test()	16	static
tests.cpp:253:1:virtual Utest* TEST_EspDriver_Test_Group_Wait_Response_Timeout_Test_TestShell::createTest()	24	static
tests.cpp:253:1:TEST_EspDriver_Test_Group_Wait_Response_Timeout_Test_TestShell::TEST_EspDriver_Test_Group_Wait_Response_Timeout_Test_TestShell()	16	static
tests.cpp:253:1:virtual void TEST_EspDriver_Test_Group_Wait_Response_Timeout_Test_Test::testBody()	56	static
tests.cpp:269:1:TEST_EspDriver_Test_Group_Wait_Response_Test_Test::TEST_EspDriver_Test_Group_Wait_Response_Test_Test()	16	static
tests.cpp:269:1:virtual Utest* TEST_EspDriver_Test_Group_Wait_Response_Test_TestShell::createTest()	24	static
tests.cpp:269:1:TEST_EspDriver_Test_Group_Wait_Response_Test_TestShell::TEST_EspDriver_Test_Group_Wait_Response_Test_TestShell()	16	static
tests.cpp:269:1:virtual void TEST_EspDriver_Test_Group_Wait_Response_Test_Test::testBody()	80	static
tests.cpp:291:1:TEST_EspDriver_Test_Group_Connect_Wifi_Timeout_Test_Test::TEST_EspDriver_Test_Group_Connect_Wifi_Timeout_Test_Test()	16	static
tests.cpp:291:1:virtual Utest* TEST_EspDriver_Test_Group_Connect_Wifi_Timeout_Test_TestShell::createTest()	24	static
tests.cpp:291:1:TEST_EspDriver_Test_Group_Connect_Wifi_Timeout_Test_TestShell::TEST_EspDriver_Test_Group_Connect_Wifi_Timeout_Test_TestShell()	16	static
tests.cpp:291:1:virtual void TEST_EspDriver_Test_Group_Connect_Wifi_Timeout_Test_Test::testBody()	80	static
tests.cpp:314:1:TEST_EspDriver_Test_Group_Connect_Wifi_Error_Test_Test::TEST_EspDriver_Test_Group_Connect_Wifi_Error_Test_Test()	16	static
tests.cpp:314:1:virtual Utest* TEST_EspDriver_Test_Group_Connect_Wifi_Error_Test_TestShell::createTest()	24	static
tests.cpp:314:1:TEST_EspDriver_Test_Group_Connect_Wifi_Error_Test_TestShell::TEST_EspDriver_Test_Group_Connect_Wifi_Error_Test_TestShell()	16	static
tests.cpp:314:1:virtual void TEST_EspDriver_Test_Group_Connect_Wifi_Error_Test_Test::testBody()	408	static
tests.cpp:358:1:TEST_EspDriver_Test_Group_Connect_Wifi_Test_Test::TEST_EspDriver_Test_Group_Connect_Wifi_Test_Test()	16	static
tests.cpp:358:1:virtual Utest* TEST_EspDriver_Test_Group_Connect_Wifi_Test_TestShell::createTest()	24	static
tests.cpp:358:1:TEST_EspDriver_Test_Group_Connect_Wifi_Test_TestShell::TEST_EspDriver_Test_Group_Connect_Wifi_Test_TestShell()	16	static
tests.cpp:358:1:virtual void TEST_EspDriver_Test_Group_Connect_Wifi_Test_Test::testBody()	408	static
tests.cpp:402:1:TEST_EspDriver_Test_Group_Disconnect_Wifi_Timeout_Test_Test::TEST_EspDriver_Test_Group_Disconnect_Wifi_Timeout_Test_Test()	16	static
tests.cpp:402:1:virtual Utest* TEST_EspDriver_Test_Group_Disconnect_Wifi_Timeout_Test_TestShell::createTest()	24	static
tests.cpp:402:1:TEST_EspDriver_Test_Group_Disconnect_Wifi_Timeout_Test_TestShell::TEST_EspDriver_Test_Group_Disconnect_Wifi_Timeout_Test_TestShell()	16	static
tests.cpp:402:1:virtual void TEST_EspDriver_Test_Group_Disconnect_Wifi_Timeout_Test_Test::testBody()	80	static
tests.cpp:420:1:TEST_EspDriver_Test_Group_Disconnect_Wifi_Test_Test::TEST_EspDriver_Test_Group_Disconnect_Wifi_Test_Test()	16	static
tests.cpp:420:1:virtual Utest* TEST_EspDriver_Test_Group_Disconnect_Wifi_Test_TestShell::createTest()	24	static
tests.cpp:420:1:TEST_EspDriver_Test_Group_Disconnect_Wifi_Test_TestShell::TEST_EspDriver_Test_Group_Disconnect_Wifi_Test_TestShell()	16	static
tests.cpp:420:1:virtual void TEST_EspDriver_Test_Group_Disconnect_Wifi_Test_Test::testBody()	96	static
tests.cpp:444:1:TEST_EspDriver_Test_Group_Command_Process_Test_Test::TEST_EspDriver_Test_Group_Command_Process_Test_Test()	16	static
tests.cpp:444:1:virtual Utest* TEST_EspDriver_Test_Group_Command_Process_Test_TestShell::createTest()	24	static
tests.cpp:444:1:TEST_EspDriver_Test_Group_Command_Process_Test_TestShell::TEST_EspDriver_Test_Group_Command_Process_Test_TestShell()	16	static
tests.cpp:444:1:virtual void TEST_EspDriver_Test_Group_Command_Process_Test_Test::testBody()	128	static
tests.cpp:488:1:TEST_EspDriver_Test_Group_Connect_TCP_Test_Test::TEST_EspDriver_Test_Group_Connect_TCP_Test_Test()	16	static
tests.cpp:488:1:virtual Utest* TEST_EspDriver_Test_Group_Connect_TCP_Test_TestShell::createTest()	24	static
tests.cpp:488:1:TEST_EspDriver_Test_Group_Connect_TCP_Test_TestShell::TEST_EspDriver_Test_Group_Connect_TCP_Test_TestShell()	16	static
tests.cpp:488:1:virtual void TEST_EspDriver_Test_Group_Connect_TCP_Test_Test::testBody()	216	static
tests.cpp:532:1:TEST_EspDriver_Test_Group_Connect_TCP_Timeout_Test_Test::TEST_EspDriver_Test_Group_Connect_TCP_Timeout_Test_Test()	16	static
tests.cpp:532:1:virtual Utest* TEST_EspDriver_Test_Group_Connect_TCP_Timeout_Test_TestShell::createTest()	24	static
tests.cpp:532:1:TEST_EspDriver_Test_Group_Connect_TCP_Timeout_Test_TestShell::TEST_EspDriver_Test_Group_Connect_TCP_Timeout_Test_TestShell()	16	static
tests.cpp:532:1:virtual void TEST_EspDriver_Test_Group_Connect_TCP_Timeout_Test_Test::testBody()	88	static
tests.cpp:559:1:TEST_EspDriver_Test_Group_Connect_TCP_Error_Test_Test::TEST_EspDriver_Test_Group_Connect_TCP_Error_Test_Test()	16	static
tests.cpp:559:1:virtual Utest* TEST_EspDriver_Test_Group_Connect_TCP_Error_Test_TestShell::createTest()	24	static
tests.cpp:559:1:TEST_EspDriver_Test_Group_Connect_TCP_Error_Test_TestShell::TEST_EspDriver_Test_Group_Connect_TCP_Error_Test_TestShell()	16	static
tests.cpp:559:1:virtual void TEST_EspDriver_Test_Group_Connect_TCP_Error_Test_Test::testBody()	216	static
tests.cpp:603:1:TEST_EspDriver_Test_Group_Disconnect_TCP_Test_Test::TEST_EspDriver_Test_Group_Disconnect_TCP_Test_Test()	16	static
tests.cpp:603:1:virtual Utest* TEST_EspDriver_Test_Group_Disconnect_TCP_Test_TestShell::createTest()	24	static
tests.cpp:603:1:TEST_EspDriver_Test_Group_Disconnect_TCP_Test_TestShell::TEST_EspDriver_Test_Group_Disconnect_TCP_Test_TestShell()	16	static
tests.cpp:603:1:virtual void TEST_EspDriver_Test_Group_Disconnect_TCP_Test_Test::testBody()	96	static
tests.cpp:628:1:TEST_EspDriver_Test_Group_Send_TCP_Message_Test_Test::TEST_EspDriver_Test_Group_Send_TCP_Message_Test_Test()	16	static
tests.cpp:628:1:virtual Utest* TEST_EspDriver_Test_Group_Send_TCP_Message_Test_TestShell::createTest()	24	static
tests.cpp:628:1:TEST_EspDriver_Test_Group_Send_TCP_Message_Test_TestShell::TEST_EspDriver_Test_Group_Send_TCP_Message_Test_TestShell()	16	static
tests.cpp:628:1:virtual void TEST_EspDriver_Test_Group_Send_TCP_Message_Test_Test::testBody()	224	static
tests.cpp:665:1:TEST_EspDriver_Test_Group_Read_TCP_Message_Test_Test::TEST_EspDriver_Test_Group_Read_TCP_Message_Test_Test()	16	static
tests.cpp:665:1:virtual Utest* TEST_EspDriver_Test_Group_Read_TCP_Message_Test_TestShell::createTest()	24	static
tests.cpp:665:1:TEST_EspDriver_Test_Group_Read_TCP_Message_Test_TestShell::TEST_EspDriver_Test_Group_Read_TCP_Message_Test_TestShell()	16	static
tests.cpp:665:1:virtual void TEST_EspDriver_Test_Group_Read_TCP_Message_Test_Test::testBody()	160	static
tests.cpp:687:1:TEST_EspDriver_Test_Group_Wait_TCP_Message_Timeout_Test_Test::TEST_EspDriver_Test_Group_Wait_TCP_Message_Timeout_Test_Test()	16	static
tests.cpp:687:1:virtual Utest* TEST_EspDriver_Test_Group_Wait_TCP_Message_Timeout_Test_TestShell::createTest()	24	static
tests.cpp:687:1:TEST_EspDriver_Test_Group_Wait_TCP_Message_Timeout_Test_TestShell::TEST_EspDriver_Test_Group_Wait_TCP_Message_Timeout_Test_TestShell()	16	static
tests.cpp:687:1:virtual void TEST_EspDriver_Test_Group_Wait_TCP_Message_Timeout_Test_Test::testBody()	104	static
tests.cpp:704:1:TEST_EspDriver_Test_Group_Wait_TCP_Message_Test_Test::TEST_EspDriver_Test_Group_Wait_TCP_Message_Test_Test()	16	static
tests.cpp:704:1:virtual Utest* TEST_EspDriver_Test_Group_Wait_TCP_Message_Test_TestShell::createTest()	24	static
tests.cpp:704:1:TEST_EspDriver_Test_Group_Wait_TCP_Message_Test_TestShell::TEST_EspDriver_Test_Group_Wait_TCP_Message_Test_TestShell()	16	static
tests.cpp:704:1:virtual void TEST_EspDriver_Test_Group_Wait_TCP_Message_Test_Test::testBody()	160	static
tests.cpp:704:1:TEST_EspDriver_Test_Group_Wait_TCP_Message_Test_TestShell::~TEST_EspDriver_Test_Group_Wait_TCP_Message_Test_TestShell()	16	static
tests.cpp:704:1:virtual TEST_EspDriver_Test_Group_Wait_TCP_Message_Test_TestShell::~TEST_EspDriver_Test_Group_Wait_TCP_Message_Test_TestShell()	16	static
tests.cpp:704:1:TEST_EspDriver_Test_Group_Wait_TCP_Message_Test_Test::~TEST_EspDriver_Test_Group_Wait_TCP_Message_Test_Test()	16	static
tests.cpp:704:1:virtual TEST_EspDriver_Test_Group_Wait_TCP_Message_Test_Test::~TEST_EspDriver_Test_Group_Wait_TCP_Message_Test_Test()	16	static
tests.cpp:687:1:TEST_EspDriver_Test_Group_Wait_TCP_Message_Timeout_Test_TestShell::~TEST_EspDriver_Test_Group_Wait_TCP_Message_Timeout_Test_TestShell()	16	static
tests.cpp:687:1:virtual TEST_EspDriver_Test_Group_Wait_TCP_Message_Timeout_Test_TestShell::~TEST_EspDriver_Test_Group_Wait_TCP_Message_Timeout_Test_TestShell()	16	static
tests.cpp:687:1:TEST_EspDriver_Test_Group_Wait_TCP_Message_Timeout_Test_Test::~TEST_EspDriver_Test_Group_Wait_TCP_Message_Timeout_Test_Test()	16	static
tests.cpp:687:1:virtual TEST_EspDriver_Test_Group_Wait_TCP_Message_Timeout_Test_Test::~TEST_EspDriver_Test_Group_Wait_TCP_Message_Timeout_Test_Test()	16	static
tests.cpp:665:1:TEST_EspDriver_Test_Group_Read_TCP_Message_Test_TestShell::~TEST_EspDriver_Test_Group_Read_TCP_Message_Test_TestShell()	16	static
tests.cpp:665:1:virtual TEST_EspDriver_Test_Group_Read_TCP_Message_Test_TestShell::~TEST_EspDriver_Test_Group_Read_TCP_Message_Test_TestShell()	16	static
tests.cpp:665:1:TEST_EspDriver_Test_Group_Read_TCP_Message_Test_Test::~TEST_EspDriver_Test_Group_Read_TCP_Message_Test_Test()	16	static
tests.cpp:665:1:virtual TEST_EspDriver_Test_Group_Read_TCP_Message_Test_Test::~TEST_EspDriver_Test_Group_Read_TCP_Message_Test_Test()	16	static
tests.cpp:628:1:TEST_EspDriver_Test_Group_Send_TCP_Message_Test_TestShell::~TEST_EspDriver_Test_Group_Send_TCP_Message_Test_TestShell()	16	static
tests.cpp:628:1:virtual TEST_EspDriver_Test_Group_Send_TCP_Message_Test_TestShell::~TEST_EspDriver_Test_Group_Send_TCP_Message_Test_TestShell()	16	static
tests.cpp:628:1:TEST_EspDriver_Test_Group_Send_TCP_Message_Test_Test::~TEST_EspDriver_Test_Group_Send_TCP_Message_Test_Test()	16	static
tests.cpp:628:1:virtual TEST_EspDriver_Test_Group_Send_TCP_Message_Test_Test::~TEST_EspDriver_Test_Group_Send_TCP_Message_Test_Test()	16	static
tests.cpp:603:1:TEST_EspDriver_Test_Group_Disconnect_TCP_Test_TestShell::~TEST_EspDriver_Test_Group_Disconnect_TCP_Test_TestShell()	16	static
tests.cpp:603:1:virtual TEST_EspDriver_Test_Group_Disconnect_TCP_Test_TestShell::~TEST_EspDriver_Test_Group_Disconnect_TCP_Test_TestShell()	16	static
tests.cpp:603:1:TEST_EspDriver_Test_Group_Disconnect_TCP_Test_Test::~TEST_EspDriver_Test_Group_Disconnect_TCP_Test_Test()	16	static
tests.cpp:603:1:virtual TEST_EspDriver_Test_Group_Disconnect_TCP_Test_Test::~TEST_EspDriver_Test_Group_Disconnect_TCP_Test_Test()	16	static
tests.cpp:559:1:TEST_EspDriver_Test_Group_Connect_TCP_Error_Test_TestShell::~TEST_EspDriver_Test_Group_Connect_TCP_Error_Test_TestShell()	16	static
tests.cpp:559:1:virtual TEST_EspDriver_Test_Group_Connect_TCP_Error_Test_TestShell::~TEST_EspDriver_Test_Group_Connect_TCP_Error_Test_TestShell()	16	static
tests.cpp:559:1:TEST_EspDriver_Test_Group_Connect_TCP_Error_Test_Test::~TEST_EspDriver_Test_Group_Connect_TCP_Error_Test_Test()	16	static
tests.cpp:559:1:virtual TEST_EspDriver_Test_Group_Connect_TCP_Error_Test_Test::~TEST_EspDriver_Test_Group_Connect_TCP_Error_Test_Test()	16	static
tests.cpp:532:1:TEST_EspDriver_Test_Group_Connect_TCP_Timeout_Test_TestShell::~TEST_EspDriver_Test_Group_Connect_TCP_Timeout_Test_TestShell()	16	static
tests.cpp:532:1:virtual TEST_EspDriver_Test_Group_Connect_TCP_Timeout_Test_TestShell::~TEST_EspDriver_Test_Group_Connect_TCP_Timeout_Test_TestShell()	16	static
tests.cpp:532:1:TEST_EspDriver_Test_Group_Connect_TCP_Timeout_Test_Test::~TEST_EspDriver_Test_Group_Connect_TCP_Timeout_Test_Test()	16	static
tests.cpp:532:1:virtual TEST_EspDriver_Test_Group_Connect_TCP_Timeout_Test_Test::~TEST_EspDriver_Test_Group_Connect_TCP_Timeout_Test_Test()	16	static
tests.cpp:488:1:TEST_EspDriver_Test_Group_Connect_TCP_Test_TestShell::~TEST_EspDriver_Test_Group_Connect_TCP_Test_TestShell()	16	static
tests.cpp:488:1:virtual TEST_EspDriver_Test_Group_Connect_TCP_Test_TestShell::~TEST_EspDriver_Test_Group_Connect_TCP_Test_TestShell()	16	static
tests.cpp:488:1:TEST_EspDriver_Test_Group_Connect_TCP_Test_Test::~TEST_EspDriver_Test_Group_Connect_TCP_Test_Test()	16	static
tests.cpp:488:1:virtual TEST_EspDriver_Test_Group_Connect_TCP_Test_Test::~TEST_EspDriver_Test_Group_Connect_TCP_Test_Test()	16	static
tests.cpp:444:1:TEST_EspDriver_Test_Group_Command_Process_Test_TestShell::~TEST_EspDriver_Test_Group_Command_Process_Test_TestShell()	16	static
tests.cpp:444:1:virtual TEST_EspDriver_Test_Group_Command_Process_Test_TestShell::~TEST_EspDriver_Test_Group_Command_Process_Test_TestShell()	16	static
tests.cpp:444:1:TEST_EspDriver_Test_Group_Command_Process_Test_Test::~TEST_EspDriver_Test_Group_Command_Process_Test_Test()	16	static
tests.cpp:444:1:virtual TEST_EspDriver_Test_Group_Command_Process_Test_Test::~TEST_EspDriver_Test_Group_Command_Process_Test_Test()	16	static
tests.cpp:420:1:TEST_EspDriver_Test_Group_Disconnect_Wifi_Test_TestShell::~TEST_EspDriver_Test_Group_Disconnect_Wifi_Test_TestShell()	16	static
tests.cpp:420:1:virtual TEST_EspDriver_Test_Group_Disconnect_Wifi_Test_TestShell::~TEST_EspDriver_Test_Group_Disconnect_Wifi_Test_TestShell()	16	static
tests.cpp:420:1:TEST_EspDriver_Test_Group_Disconnect_Wifi_Test_Test::~TEST_EspDriver_Test_Group_Disconnect_Wifi_Test_Test()	16	static
tests.cpp:420:1:virtual TEST_EspDriver_Test_Group_Disconnect_Wifi_Test_Test::~TEST_EspDriver_Test_Group_Disconnect_Wifi_Test_Test()	16	static
tests.cpp:402:1:TEST_EspDriver_Test_Group_Disconnect_Wifi_Timeout_Test_TestShell::~TEST_EspDriver_Test_Group_Disconnect_Wifi_Timeout_Test_TestShell()	16	static
tests.cpp:402:1:virtual TEST_EspDriver_Test_Group_Disconnect_Wifi_Timeout_Test_TestShell::~TEST_EspDriver_Test_Group_Disconnect_Wifi_Timeout_Test_TestShell()	16	static
tests.cpp:402:1:TEST_EspDriver_Test_Group_Disconnect_Wifi_Timeout_Test_Test::~TEST_EspDriver_Test_Group_Disconnect_Wifi_Timeout_Test_Test()	16	static
tests.cpp:402:1:virtual TEST_EspDriver_Test_Group_Disconnect_Wifi_Timeout_Test_Test::~TEST_EspDriver_Test_Group_Disconnect_Wifi_Timeout_Test_Test()	16	static
tests.cpp:358:1:TEST_EspDriver_Test_Group_Connect_Wifi_Test_TestShell::~TEST_EspDriver_Test_Group_Connect_Wifi_Test_TestShell()	16	static
tests.cpp:358:1:virtual TEST_EspDriver_Test_Group_Connect_Wifi_Test_TestShell::~TEST_EspDriver_Test_Group_Connect_Wifi_Test_TestShell()	16	static
tests.cpp:358:1:TEST_EspDriver_Test_Group_Connect_Wifi_Test_Test::~TEST_EspDriver_Test_Group_Connect_Wifi_Test_Test()	16	static
tests.cpp:358:1:virtual TEST_EspDriver_Test_Group_Connect_Wifi_Test_Test::~TEST_EspDriver_Test_Group_Connect_Wifi_Test_Test()	16	static
tests.cpp:314:1:TEST_EspDriver_Test_Group_Connect_Wifi_Error_Test_TestShell::~TEST_EspDriver_Test_Group_Connect_Wifi_Error_Test_TestShell()	16	static
tests.cpp:314:1:virtual TEST_EspDriver_Test_Group_Connect_Wifi_Error_Test_TestShell::~TEST_EspDriver_Test_Group_Connect_Wifi_Error_Test_TestShell()	16	static
tests.cpp:314:1:TEST_EspDriver_Test_Group_Connect_Wifi_Error_Test_Test::~TEST_EspDriver_Test_Group_Connect_Wifi_Error_Test_Test()	16	static
tests.cpp:314:1:virtual TEST_EspDriver_Test_Group_Connect_Wifi_Error_Test_Test::~TEST_EspDriver_Test_Group_Connect_Wifi_Error_Test_Test()	16	static
tests.cpp:291:1:TEST_EspDriver_Test_Group_Connect_Wifi_Timeout_Test_TestShell::~TEST_EspDriver_Test_Group_Connect_Wifi_Timeout_Test_TestShell()	16	static
tests.cpp:291:1:virtual TEST_EspDriver_Test_Group_Connect_Wifi_Timeout_Test_TestShell::~TEST_EspDriver_Test_Group_Connect_Wifi_Timeout_Test_TestShell()	16	static
tests.cpp:291:1:TEST_EspDriver_Test_Group_Connect_Wifi_Timeout_Test_Test::~TEST_EspDriver_Test_Group_Connect_Wifi_Timeout_Test_Test()	16	static
tests.cpp:291:1:virtual TEST_EspDriver_Test_Group_Connect_Wifi_Timeout_Test_Test::~TEST_EspDriver_Test_Group_Connect_Wifi_Timeout_Test_Test()	16	static
tests.cpp:269:1:TEST_EspDriver_Test_Group_Wait_Response_Test_TestShell::~TEST_EspDriver_Test_Group_Wait_Response_Test_TestShell()	16	static
tests.cpp:269:1:virtual TEST_EspDriver_Test_Group_Wait_Response_Test_TestShell::~TEST_EspDriver_Test_Group_Wait_Response_Test_TestShell()	16	static
tests.cpp:269:1:TEST_EspDriver_Test_Group_Wait_Response_Test_Test::~TEST_EspDriver_Test_Group_Wait_Response_Test_Test()	16	static
tests.cpp:269:1:virtual TEST_EspDriver_Test_Group_Wait_Response_Test_Test::~TEST_EspDriver_Test_Group_Wait_Response_Test_Test()	16	static
tests.cpp:253:1:TEST_EspDriver_Test_Group_Wait_Response_Timeout_Test_TestShell::~TEST_EspDriver_Test_Group_Wait_Response_Timeout_Test_TestShell()	16	static
tests.cpp:253:1:virtual TEST_EspDriver_Test_Group_Wait_Response_Timeout_Test_TestShell::~TEST_EspDriver_Test_Group_Wait_Response_Timeout_Test_TestShell()	16	static
tests.cpp:253:1:TEST_EspDriver_Test_Group_Wait_Response_Timeout_Test_Test::~TEST_EspDriver_Test_Group_Wait_Response_Timeout_Test_Test()	16	static
tests.cpp:253:1:virtual TEST_EspDriver_Test_Group_Wait_Response_Timeout_Test_Test::~TEST_EspDriver_Test_Group_Wait_Response_Timeout_Test_Test()	16	static
tests.cpp:236:1:TEST_EspDriver_Test_Group_Read_Response_Test_TestShell::~TEST_EspDriver_Test_Group_Read_Response_Test_TestShell()	16	static
tests.cpp:236:1:virtual TEST_EspDriver_Test_Group_Read_Response_Test_TestShell::~TEST_EspDriver_Test_Group_Read_Response_Test_TestShell()	16	static
tests.cpp:236:1:TEST_EspDriver_Test_Group_Read_Response_Test_Test::~TEST_EspDriver_Test_Group_Read_Response_Test_Test()	16	static
tests.cpp:236:1:virtual TEST_EspDriver_Test_Group_Read_Response_Test_Test::~TEST_EspDriver_Test_Group_Read_Response_Test_Test()	16	static
tests.cpp:221:1:TEST_EspDriver_Test_Group_UART_Receive_Handler_Test_TestShell::~TEST_EspDriver_Test_Group_UART_Receive_Handler_Test_TestShell()	16	static
tests.cpp:221:1:virtual TEST_EspDriver_Test_Group_UART_Receive_Handler_Test_TestShell::~TEST_EspDriver_Test_Group_UART_Receive_Handler_Test_TestShell()	16	static
tests.cpp:221:1:TEST_EspDriver_Test_Group_UART_Receive_Handler_Test_Test::~TEST_EspDriver_Test_Group_UART_Receive_Handler_Test_Test()	16	static
tests.cpp:221:1:virtual TEST_EspDriver_Test_Group_UART_Receive_Handler_Test_Test::~TEST_EspDriver_Test_Group_UART_Receive_Handler_Test_Test()	16	static
tests.cpp:209:1:TEST_EspDriver_Test_Group_Send_AT_Command_Test_TestShell::~TEST_EspDriver_Test_Group_Send_AT_Command_Test_TestShell()	16	static
tests.cpp:209:1:virtual TEST_EspDriver_Test_Group_Send_AT_Command_Test_TestShell::~TEST_EspDriver_Test_Group_Send_AT_Command_Test_TestShell()	16	static
tests.cpp:209:1:TEST_EspDriver_Test_Group_Send_AT_Command_Test_Test::~TEST_EspDriver_Test_Group_Send_AT_Command_Test_Test()	16	static
tests.cpp:209:1:virtual TEST_EspDriver_Test_Group_Send_AT_Command_Test_Test::~TEST_EspDriver_Test_Group_Send_AT_Command_Test_Test()	16	static
tests.cpp:191:1:TEST_EspDriver_Test_Group_Esp_Init_Test_TestShell::~TEST_EspDriver_Test_Group_Esp_Init_Test_TestShell()	16	static
tests.cpp:191:1:virtual TEST_EspDriver_Test_Group_Esp_Init_Test_TestShell::~TEST_EspDriver_Test_Group_Esp_Init_Test_TestShell()	16	static
tests.cpp:191:1:TEST_EspDriver_Test_Group_Esp_Init_Test_Test::~TEST_EspDriver_Test_Group_Esp_Init_Test_Test()	16	static
tests.cpp:191:1:virtual TEST_EspDriver_Test_Group_Esp_Init_Test_Test::~TEST_EspDriver_Test_Group_Esp_Init_Test_Test()	16	static
tests.cpp:132:1:TEST_RingBuffer_Test_Group_CapacityTest_TestShell::~TEST_RingBuffer_Test_Group_CapacityTest_TestShell()	16	static
tests.cpp:132:1:virtual TEST_RingBuffer_Test_Group_CapacityTest_TestShell::~TEST_RingBuffer_Test_Group_CapacityTest_TestShell()	16	static
tests.cpp:132:1:TEST_RingBuffer_Test_Group_CapacityTest_Test::~TEST_RingBuffer_Test_Group_CapacityTest_Test()	16	static
tests.cpp:132:1:virtual TEST_RingBuffer_Test_Group_CapacityTest_Test::~TEST_RingBuffer_Test_Group_CapacityTest_Test()	16	static
tests.cpp:124:1:TEST_RingBuffer_Test_Group_LookForTest_TestShell::~TEST_RingBuffer_Test_Group_LookForTest_TestShell()	16	static
tests.cpp:124:1:virtual TEST_RingBuffer_Test_Group_LookForTest_TestShell::~TEST_RingBuffer_Test_Group_LookForTest_TestShell()	16	static
tests.cpp:124:1:TEST_RingBuffer_Test_Group_LookForTest_Test::~TEST_RingBuffer_Test_Group_LookForTest_Test()	16	static
tests.cpp:124:1:virtual TEST_RingBuffer_Test_Group_LookForTest_Test::~TEST_RingBuffer_Test_Group_LookForTest_Test()	16	static
tests.cpp:117:1:TEST_RingBuffer_Test_Group_PushArrayTest_TestShell::~TEST_RingBuffer_Test_Group_PushArrayTest_TestShell()	16	static
tests.cpp:117:1:virtual TEST_RingBuffer_Test_Group_PushArrayTest_TestShell::~TEST_RingBuffer_Test_Group_PushArrayTest_TestShell()	16	static
tests.cpp:117:1:TEST_RingBuffer_Test_Group_PushArrayTest_Test::~TEST_RingBuffer_Test_Group_PushArrayTest_Test()	16	static
tests.cpp:117:1:virtual TEST_RingBuffer_Test_Group_PushArrayTest_Test::~TEST_RingBuffer_Test_Group_PushArrayTest_Test()	16	static
tests.cpp:96:1:TEST_RingBuffer_Test_Group_BufferFlushTest_TestShell::~TEST_RingBuffer_Test_Group_BufferFlushTest_TestShell()	16	static
tests.cpp:96:1:virtual TEST_RingBuffer_Test_Group_BufferFlushTest_TestShell::~TEST_RingBuffer_Test_Group_BufferFlushTest_TestShell()	16	static
tests.cpp:96:1:TEST_RingBuffer_Test_Group_BufferFlushTest_Test::~TEST_RingBuffer_Test_Group_BufferFlushTest_Test()	16	static
tests.cpp:96:1:virtual TEST_RingBuffer_Test_Group_BufferFlushTest_Test::~TEST_RingBuffer_Test_Group_BufferFlushTest_Test()	16	static
tests.cpp:80:1:TEST_RingBuffer_Test_Group_PopBufferOverFlowTest_TestShell::~TEST_RingBuffer_Test_Group_PopBufferOverFlowTest_TestShell()	16	static
tests.cpp:80:1:virtual TEST_RingBuffer_Test_Group_PopBufferOverFlowTest_TestShell::~TEST_RingBuffer_Test_Group_PopBufferOverFlowTest_TestShell()	16	static
tests.cpp:80:1:TEST_RingBuffer_Test_Group_PopBufferOverFlowTest_Test::~TEST_RingBuffer_Test_Group_PopBufferOverFlowTest_Test()	16	static
tests.cpp:80:1:virtual TEST_RingBuffer_Test_Group_PopBufferOverFlowTest_Test::~TEST_RingBuffer_Test_Group_PopBufferOverFlowTest_Test()	16	static
tests.cpp:71:1:TEST_RingBuffer_Test_Group_PopDataTests_TestShell::~TEST_RingBuffer_Test_Group_PopDataTests_TestShell()	16	static
tests.cpp:71:1:virtual TEST_RingBuffer_Test_Group_PopDataTests_TestShell::~TEST_RingBuffer_Test_Group_PopDataTests_TestShell()	16	static
tests.cpp:71:1:TEST_RingBuffer_Test_Group_PopDataTests_Test::~TEST_RingBuffer_Test_Group_PopDataTests_Test()	16	static
tests.cpp:71:1:virtual TEST_RingBuffer_Test_Group_PopDataTests_Test::~TEST_RingBuffer_Test_Group_PopDataTests_Test()	16	static
tests.cpp:60:1:TEST_RingBuffer_Test_Group_BufferOverflowTest_TestShell::~TEST_RingBuffer_Test_Group_BufferOverflowTest_TestShell()	16	static
tests.cpp:60:1:virtual TEST_RingBuffer_Test_Group_BufferOverflowTest_TestShell::~TEST_RingBuffer_Test_Group_BufferOverflowTest_TestShell()	16	static
tests.cpp:60:1:TEST_RingBuffer_Test_Group_BufferOverflowTest_Test::~TEST_RingBuffer_Test_Group_BufferOverflowTest_Test()	16	static
tests.cpp:60:1:virtual TEST_RingBuffer_Test_Group_BufferOverflowTest_Test::~TEST_RingBuffer_Test_Group_BufferOverflowTest_Test()	16	static
tests.cpp:50:1:TEST_RingBuffer_Test_Group_PushDataTests_TestShell::~TEST_RingBuffer_Test_Group_PushDataTests_TestShell()	16	static
tests.cpp:50:1:virtual TEST_RingBuffer_Test_Group_PushDataTests_TestShell::~TEST_RingBuffer_Test_Group_PushDataTests_TestShell()	16	static
tests.cpp:50:1:TEST_RingBuffer_Test_Group_PushDataTests_Test::~TEST_RingBuffer_Test_Group_PushDataTests_Test()	16	static
tests.cpp:50:1:virtual TEST_RingBuffer_Test_Group_PushDataTests_Test::~TEST_RingBuffer_Test_Group_PushDataTests_Test()	16	static
tests.cpp:40:1:TEST_RingBuffer_Test_Group_InitTest_TestShell::~TEST_RingBuffer_Test_Group_InitTest_TestShell()	16	static
tests.cpp:40:1:virtual TEST_RingBuffer_Test_Group_InitTest_TestShell::~TEST_RingBuffer_Test_Group_InitTest_TestShell()	16	static
tests.cpp:40:1:TEST_RingBuffer_Test_Group_InitTest_Test::~TEST_RingBuffer_Test_Group_InitTest_Test()	16	static
tests.cpp:40:1:virtual TEST_RingBuffer_Test_Group_InitTest_Test::~TEST_RingBuffer_Test_Group_InitTest_Test()	16	static
tests.cpp:729:1:void __static_initialization_and_destruction_0(int, int)	24	static
tests.cpp:729:1:cpp)	8	static
tests.cpp:729:1:cpp)	8	static
