MockActualCall.h:56:21:MockActualCall& MockActualCall::withParameter(const SimpleString&, void*)	24	static
MockExpectedCall.h:56:23:MockExpectedCall& MockExpectedCall::withParameter(const SimpleString&, void*)	24	static
tests.cpp:21:7:virtual void TEST_GROUP_CppUTestGroupRingBuffer_Test_Group::setup()	16	static
tests.cpp:28:7:virtual void TEST_GROUP_CppUTestGroupRingBuffer_Test_Group::teardown()	16	static
tests.cpp:16:1:TEST_GROUP_CppUTestGroupRingBuffer_Test_Group::TEST_GROUP_CppUTestGroupRingBuffer_Test_Group()	16	static
tests.cpp:16:1:TEST_GROUP_CppUTestGroupRingBuffer_Test_Group::~TEST_GROUP_CppUTestGroupRingBuffer_Test_Group()	16	static
tests.cpp:16:1:virtual TEST_GROUP_CppUTestGroupRingBuffer_Test_Group::~TEST_GROUP_CppUTestGroupRingBuffer_Test_Group()	16	static
tests.cpp:36:1:TEST_RingBuffer_Test_Group_InitTest_Test::TEST_RingBuffer_Test_Group_InitTest_Test()	16	static
tests.cpp:36:1:virtual Utest* TEST_RingBuffer_Test_Group_InitTest_TestShell::createTest()	24	static
tests.cpp:36:1:TEST_RingBuffer_Test_Group_InitTest_TestShell::TEST_RingBuffer_Test_Group_InitTest_TestShell()	16	static
tests.cpp:36:1:virtual void TEST_RingBuffer_Test_Group_InitTest_Test::testBody()	48	static
tests.cpp:46:1:TEST_RingBuffer_Test_Group_PushDataTests_Test::TEST_RingBuffer_Test_Group_PushDataTests_Test()	16	static
tests.cpp:46:1:virtual Utest* TEST_RingBuffer_Test_Group_PushDataTests_TestShell::createTest()	24	static
tests.cpp:46:1:TEST_RingBuffer_Test_Group_PushDataTests_TestShell::TEST_RingBuffer_Test_Group_PushDataTests_TestShell()	16	static
tests.cpp:46:1:virtual void TEST_RingBuffer_Test_Group_PushDataTests_Test::testBody()	48	static
tests.cpp:56:1:TEST_RingBuffer_Test_Group_BufferOverflowTest_Test::TEST_RingBuffer_Test_Group_BufferOverflowTest_Test()	16	static
tests.cpp:56:1:virtual Utest* TEST_RingBuffer_Test_Group_BufferOverflowTest_TestShell::createTest()	24	static
tests.cpp:56:1:TEST_RingBuffer_Test_Group_BufferOverflowTest_TestShell::TEST_RingBuffer_Test_Group_BufferOverflowTest_TestShell()	16	static
tests.cpp:56:1:virtual void TEST_RingBuffer_Test_Group_BufferOverflowTest_Test::testBody()	56	static
tests.cpp:67:1:TEST_RingBuffer_Test_Group_PopDataTests_Test::TEST_RingBuffer_Test_Group_PopDataTests_Test()	16	static
tests.cpp:67:1:virtual Utest* TEST_RingBuffer_Test_Group_PopDataTests_TestShell::createTest()	24	static
tests.cpp:67:1:TEST_RingBuffer_Test_Group_PopDataTests_TestShell::TEST_RingBuffer_Test_Group_PopDataTests_TestShell()	16	static
tests.cpp:67:1:virtual void TEST_RingBuffer_Test_Group_PopDataTests_Test::testBody()	56	static
tests.cpp:76:1:TEST_RingBuffer_Test_Group_PopBufferOverFlowTest_Test::TEST_RingBuffer_Test_Group_PopBufferOverFlowTest_Test()	16	static
tests.cpp:76:1:virtual Utest* TEST_RingBuffer_Test_Group_PopBufferOverFlowTest_TestShell::createTest()	24	static
tests.cpp:76:1:TEST_RingBuffer_Test_Group_PopBufferOverFlowTest_TestShell::TEST_RingBuffer_Test_Group_PopBufferOverFlowTest_TestShell()	16	static
tests.cpp:76:1:virtual void TEST_RingBuffer_Test_Group_PopBufferOverFlowTest_Test::testBody()	56	static
tests.cpp:92:1:TEST_RingBuffer_Test_Group_BufferFlushTest_Test::TEST_RingBuffer_Test_Group_BufferFlushTest_Test()	16	static
tests.cpp:92:1:virtual Utest* TEST_RingBuffer_Test_Group_BufferFlushTest_TestShell::createTest()	24	static
tests.cpp:92:1:TEST_RingBuffer_Test_Group_BufferFlushTest_TestShell::TEST_RingBuffer_Test_Group_BufferFlushTest_TestShell()	16	static
tests.cpp:92:1:virtual void TEST_RingBuffer_Test_Group_BufferFlushTest_Test::testBody()	56	static
tests.cpp:113:1:TEST_RingBuffer_Test_Group_PushArrayTest_Test::TEST_RingBuffer_Test_Group_PushArrayTest_Test()	16	static
tests.cpp:113:1:virtual Utest* TEST_RingBuffer_Test_Group_PushArrayTest_TestShell::createTest()	24	static
tests.cpp:113:1:TEST_RingBuffer_Test_Group_PushArrayTest_TestShell::TEST_RingBuffer_Test_Group_PushArrayTest_TestShell()	16	static
tests.cpp:113:1:virtual void TEST_RingBuffer_Test_Group_PushArrayTest_Test::testBody()	48	static
tests.cpp:120:1:TEST_RingBuffer_Test_Group_LookForTest_Test::TEST_RingBuffer_Test_Group_LookForTest_Test()	16	static
tests.cpp:120:1:virtual Utest* TEST_RingBuffer_Test_Group_LookForTest_TestShell::createTest()	24	static
tests.cpp:120:1:TEST_RingBuffer_Test_Group_LookForTest_TestShell::TEST_RingBuffer_Test_Group_LookForTest_TestShell()	16	static
tests.cpp:120:1:virtual void TEST_RingBuffer_Test_Group_LookForTest_Test::testBody()	64	static
tests.cpp:128:1:TEST_RingBuffer_Test_Group_CapacityTest_Test::TEST_RingBuffer_Test_Group_CapacityTest_Test()	16	static
tests.cpp:128:1:virtual Utest* TEST_RingBuffer_Test_Group_CapacityTest_TestShell::createTest()	24	static
tests.cpp:128:1:TEST_RingBuffer_Test_Group_CapacityTest_TestShell::TEST_RingBuffer_Test_Group_CapacityTest_TestShell()	16	static
tests.cpp:128:1:virtual void TEST_RingBuffer_Test_Group_CapacityTest_Test::testBody()	48	static
tests.cpp:137:6:void UART_Transmit_Fake(uint8_t*)	48	static
tests.cpp:142:9:uint8_t UART_Receive_Fake()	32	static
tests.cpp:148:10:uint32_t getTick_Fake()	4	static
tests.cpp:160:7:virtual void TEST_GROUP_CppUTestGroupEspDriver_Test_Group::setup()	16	static
tests.cpp:169:7:virtual void TEST_GROUP_CppUTestGroupEspDriver_Test_Group::teardown()	24	static
tests.cpp:155:1:TEST_GROUP_CppUTestGroupEspDriver_Test_Group::TEST_GROUP_CppUTestGroupEspDriver_Test_Group()	16	static
tests.cpp:155:1:TEST_GROUP_CppUTestGroupEspDriver_Test_Group::~TEST_GROUP_CppUTestGroupEspDriver_Test_Group()	16	static
tests.cpp:155:1:virtual TEST_GROUP_CppUTestGroupEspDriver_Test_Group::~TEST_GROUP_CppUTestGroupEspDriver_Test_Group()	16	static
tests.cpp:178:1:TEST_EspDriver_Test_Group_Esp_Init_Test_Test::TEST_EspDriver_Test_Group_Esp_Init_Test_Test()	16	static
tests.cpp:178:1:virtual Utest* TEST_EspDriver_Test_Group_Esp_Init_Test_TestShell::createTest()	24	static
tests.cpp:178:1:TEST_EspDriver_Test_Group_Esp_Init_Test_TestShell::TEST_EspDriver_Test_Group_Esp_Init_Test_TestShell()	16	static
tests.cpp:178:1:virtual void TEST_EspDriver_Test_Group_Esp_Init_Test_Test::testBody()	48	static
tests.cpp:196:1:TEST_EspDriver_Test_Group_Send_AT_Command_Test_Test::TEST_EspDriver_Test_Group_Send_AT_Command_Test_Test()	16	static
tests.cpp:196:1:virtual Utest* TEST_EspDriver_Test_Group_Send_AT_Command_Test_TestShell::createTest()	24	static
tests.cpp:196:1:TEST_EspDriver_Test_Group_Send_AT_Command_Test_TestShell::TEST_EspDriver_Test_Group_Send_AT_Command_Test_TestShell()	16	static
tests.cpp:196:1:virtual void TEST_EspDriver_Test_Group_Send_AT_Command_Test_Test::testBody()	80	static
tests.cpp:207:1:TEST_EspDriver_Test_Group_UART_Receive_Handler_Test_Test::TEST_EspDriver_Test_Group_UART_Receive_Handler_Test_Test()	16	static
tests.cpp:207:1:virtual Utest* TEST_EspDriver_Test_Group_UART_Receive_Handler_Test_TestShell::createTest()	24	static
tests.cpp:207:1:TEST_EspDriver_Test_Group_UART_Receive_Handler_Test_TestShell::TEST_EspDriver_Test_Group_UART_Receive_Handler_Test_TestShell()	16	static
tests.cpp:207:1:virtual void TEST_EspDriver_Test_Group_UART_Receive_Handler_Test_Test::testBody()	120	static
tests.cpp:207:1:TEST_EspDriver_Test_Group_UART_Receive_Handler_Test_TestShell::~TEST_EspDriver_Test_Group_UART_Receive_Handler_Test_TestShell()	16	static
tests.cpp:207:1:virtual TEST_EspDriver_Test_Group_UART_Receive_Handler_Test_TestShell::~TEST_EspDriver_Test_Group_UART_Receive_Handler_Test_TestShell()	16	static
tests.cpp:207:1:TEST_EspDriver_Test_Group_UART_Receive_Handler_Test_Test::~TEST_EspDriver_Test_Group_UART_Receive_Handler_Test_Test()	16	static
tests.cpp:207:1:virtual TEST_EspDriver_Test_Group_UART_Receive_Handler_Test_Test::~TEST_EspDriver_Test_Group_UART_Receive_Handler_Test_Test()	16	static
tests.cpp:196:1:TEST_EspDriver_Test_Group_Send_AT_Command_Test_TestShell::~TEST_EspDriver_Test_Group_Send_AT_Command_Test_TestShell()	16	static
tests.cpp:196:1:virtual TEST_EspDriver_Test_Group_Send_AT_Command_Test_TestShell::~TEST_EspDriver_Test_Group_Send_AT_Command_Test_TestShell()	16	static
tests.cpp:196:1:TEST_EspDriver_Test_Group_Send_AT_Command_Test_Test::~TEST_EspDriver_Test_Group_Send_AT_Command_Test_Test()	16	static
tests.cpp:196:1:virtual TEST_EspDriver_Test_Group_Send_AT_Command_Test_Test::~TEST_EspDriver_Test_Group_Send_AT_Command_Test_Test()	16	static
tests.cpp:178:1:TEST_EspDriver_Test_Group_Esp_Init_Test_TestShell::~TEST_EspDriver_Test_Group_Esp_Init_Test_TestShell()	16	static
tests.cpp:178:1:virtual TEST_EspDriver_Test_Group_Esp_Init_Test_TestShell::~TEST_EspDriver_Test_Group_Esp_Init_Test_TestShell()	16	static
tests.cpp:178:1:TEST_EspDriver_Test_Group_Esp_Init_Test_Test::~TEST_EspDriver_Test_Group_Esp_Init_Test_Test()	16	static
tests.cpp:178:1:virtual TEST_EspDriver_Test_Group_Esp_Init_Test_Test::~TEST_EspDriver_Test_Group_Esp_Init_Test_Test()	16	static
tests.cpp:128:1:TEST_RingBuffer_Test_Group_CapacityTest_TestShell::~TEST_RingBuffer_Test_Group_CapacityTest_TestShell()	16	static
tests.cpp:128:1:virtual TEST_RingBuffer_Test_Group_CapacityTest_TestShell::~TEST_RingBuffer_Test_Group_CapacityTest_TestShell()	16	static
tests.cpp:128:1:TEST_RingBuffer_Test_Group_CapacityTest_Test::~TEST_RingBuffer_Test_Group_CapacityTest_Test()	16	static
tests.cpp:128:1:virtual TEST_RingBuffer_Test_Group_CapacityTest_Test::~TEST_RingBuffer_Test_Group_CapacityTest_Test()	16	static
tests.cpp:120:1:TEST_RingBuffer_Test_Group_LookForTest_TestShell::~TEST_RingBuffer_Test_Group_LookForTest_TestShell()	16	static
tests.cpp:120:1:virtual TEST_RingBuffer_Test_Group_LookForTest_TestShell::~TEST_RingBuffer_Test_Group_LookForTest_TestShell()	16	static
tests.cpp:120:1:TEST_RingBuffer_Test_Group_LookForTest_Test::~TEST_RingBuffer_Test_Group_LookForTest_Test()	16	static
tests.cpp:120:1:virtual TEST_RingBuffer_Test_Group_LookForTest_Test::~TEST_RingBuffer_Test_Group_LookForTest_Test()	16	static
tests.cpp:113:1:TEST_RingBuffer_Test_Group_PushArrayTest_TestShell::~TEST_RingBuffer_Test_Group_PushArrayTest_TestShell()	16	static
tests.cpp:113:1:virtual TEST_RingBuffer_Test_Group_PushArrayTest_TestShell::~TEST_RingBuffer_Test_Group_PushArrayTest_TestShell()	16	static
tests.cpp:113:1:TEST_RingBuffer_Test_Group_PushArrayTest_Test::~TEST_RingBuffer_Test_Group_PushArrayTest_Test()	16	static
tests.cpp:113:1:virtual TEST_RingBuffer_Test_Group_PushArrayTest_Test::~TEST_RingBuffer_Test_Group_PushArrayTest_Test()	16	static
tests.cpp:92:1:TEST_RingBuffer_Test_Group_BufferFlushTest_TestShell::~TEST_RingBuffer_Test_Group_BufferFlushTest_TestShell()	16	static
tests.cpp:92:1:virtual TEST_RingBuffer_Test_Group_BufferFlushTest_TestShell::~TEST_RingBuffer_Test_Group_BufferFlushTest_TestShell()	16	static
tests.cpp:92:1:TEST_RingBuffer_Test_Group_BufferFlushTest_Test::~TEST_RingBuffer_Test_Group_BufferFlushTest_Test()	16	static
tests.cpp:92:1:virtual TEST_RingBuffer_Test_Group_BufferFlushTest_Test::~TEST_RingBuffer_Test_Group_BufferFlushTest_Test()	16	static
tests.cpp:76:1:TEST_RingBuffer_Test_Group_PopBufferOverFlowTest_TestShell::~TEST_RingBuffer_Test_Group_PopBufferOverFlowTest_TestShell()	16	static
tests.cpp:76:1:virtual TEST_RingBuffer_Test_Group_PopBufferOverFlowTest_TestShell::~TEST_RingBuffer_Test_Group_PopBufferOverFlowTest_TestShell()	16	static
tests.cpp:76:1:TEST_RingBuffer_Test_Group_PopBufferOverFlowTest_Test::~TEST_RingBuffer_Test_Group_PopBufferOverFlowTest_Test()	16	static
tests.cpp:76:1:virtual TEST_RingBuffer_Test_Group_PopBufferOverFlowTest_Test::~TEST_RingBuffer_Test_Group_PopBufferOverFlowTest_Test()	16	static
tests.cpp:67:1:TEST_RingBuffer_Test_Group_PopDataTests_TestShell::~TEST_RingBuffer_Test_Group_PopDataTests_TestShell()	16	static
tests.cpp:67:1:virtual TEST_RingBuffer_Test_Group_PopDataTests_TestShell::~TEST_RingBuffer_Test_Group_PopDataTests_TestShell()	16	static
tests.cpp:67:1:TEST_RingBuffer_Test_Group_PopDataTests_Test::~TEST_RingBuffer_Test_Group_PopDataTests_Test()	16	static
tests.cpp:67:1:virtual TEST_RingBuffer_Test_Group_PopDataTests_Test::~TEST_RingBuffer_Test_Group_PopDataTests_Test()	16	static
tests.cpp:56:1:TEST_RingBuffer_Test_Group_BufferOverflowTest_TestShell::~TEST_RingBuffer_Test_Group_BufferOverflowTest_TestShell()	16	static
tests.cpp:56:1:virtual TEST_RingBuffer_Test_Group_BufferOverflowTest_TestShell::~TEST_RingBuffer_Test_Group_BufferOverflowTest_TestShell()	16	static
tests.cpp:56:1:TEST_RingBuffer_Test_Group_BufferOverflowTest_Test::~TEST_RingBuffer_Test_Group_BufferOverflowTest_Test()	16	static
tests.cpp:56:1:virtual TEST_RingBuffer_Test_Group_BufferOverflowTest_Test::~TEST_RingBuffer_Test_Group_BufferOverflowTest_Test()	16	static
tests.cpp:46:1:TEST_RingBuffer_Test_Group_PushDataTests_TestShell::~TEST_RingBuffer_Test_Group_PushDataTests_TestShell()	16	static
tests.cpp:46:1:virtual TEST_RingBuffer_Test_Group_PushDataTests_TestShell::~TEST_RingBuffer_Test_Group_PushDataTests_TestShell()	16	static
tests.cpp:46:1:TEST_RingBuffer_Test_Group_PushDataTests_Test::~TEST_RingBuffer_Test_Group_PushDataTests_Test()	16	static
tests.cpp:46:1:virtual TEST_RingBuffer_Test_Group_PushDataTests_Test::~TEST_RingBuffer_Test_Group_PushDataTests_Test()	16	static
tests.cpp:36:1:TEST_RingBuffer_Test_Group_InitTest_TestShell::~TEST_RingBuffer_Test_Group_InitTest_TestShell()	16	static
tests.cpp:36:1:virtual TEST_RingBuffer_Test_Group_InitTest_TestShell::~TEST_RingBuffer_Test_Group_InitTest_TestShell()	16	static
tests.cpp:36:1:TEST_RingBuffer_Test_Group_InitTest_Test::~TEST_RingBuffer_Test_Group_InitTest_Test()	16	static
tests.cpp:36:1:virtual TEST_RingBuffer_Test_Group_InitTest_Test::~TEST_RingBuffer_Test_Group_InitTest_Test()	16	static
tests.cpp:222:1:void __static_initialization_and_destruction_0(int, int)	24	static
tests.cpp:222:1:cpp)	8	static
tests.cpp:222:1:cpp)	8	static
